---
source: kcheck/src/kconfig.rs
expression: kconfig_option
---
CONFIG_TEST_OFF: Off
