---
source: kcheck/src/kconfig.rs
expression: kconfig_option
---
CONFIG_TEST_DISABLED: Disabled (NotFound, NotSet, or Off)
