---
source: kcheck/src/kconfig.rs
expression: kconfig_option
---
CONFIG_TEST_NOT_SET: NotSet
